// Vitest Snapshot v1, https://vitest.dev/guide/snapshot.html

exports[`VariantValidator > throws in case of fetching problems 1`] = `
{
  "NM_001195610.1:c.349-2A>G": {
    "alt_genomic_loci": [],
    "annotations": {
      "chromosome": "6",
      "db_xref": {
        "CCDS": "CCDS4550.1",
        "ensemblgene": null,
        "hgnc": "HGNC:18141",
        "ncbigene": "51473",
        "select": false,
      },
      "ensembl_select": false,
      "mane_plus_clinical": false,
      "mane_select": false,
      "map": "6p22.3",
      "note": "doublecortin domain containing 2",
      "refseq_select": false,
      "variant": "2",
    },
    "gene_ids": {
      "ccds_ids": [
        "CCDS4550",
      ],
      "ensembl_gene_id": "ENSG00000146038",
      "entrez_gene_id": "51473",
      "hgnc_id": "HGNC:18141",
      "omim_id": [
        "605755",
      ],
      "ucsc_id": "uc003ndx.4",
    },
    "gene_symbol": "DCDC2",
    "genome_context_intronic_sequence": "NC_000006.11(NM_001195610.1):c.349-2A>G",
    "hgvs_lrg_transcript_variant": "",
    "hgvs_lrg_variant": "",
    "hgvs_predicted_protein_consequence": {
      "lrg_slr": "",
      "lrg_tlr": "",
      "slr": "NP_001182539.1:p.?",
      "tlr": "NP_001182539.1:p.?",
    },
    "hgvs_refseqgene_variant": "",
    "hgvs_transcript_variant": "NM_001195610.1:c.349-2A>G",
    "primary_assembly_loci": {
      "grch37": {
        "hgvs_genomic_description": "NC_000006.11:g.24302274T>C",
        "vcf": {
          "alt": "C",
          "chr": "6",
          "pos": "24302274",
          "ref": "T",
        },
      },
      "grch38": {
        "hgvs_genomic_description": "NC_000006.12:g.24302046T>C",
        "vcf": {
          "alt": "C",
          "chr": "6",
          "pos": "24302046",
          "ref": "T",
        },
      },
      "hg19": {
        "hgvs_genomic_description": "NC_000006.11:g.24302274T>C",
        "vcf": {
          "alt": "C",
          "chr": "chr6",
          "pos": "24302274",
          "ref": "T",
        },
      },
      "hg38": {
        "hgvs_genomic_description": "NC_000006.12:g.24302046T>C",
        "vcf": {
          "alt": "C",
          "chr": "chr6",
          "pos": "24302046",
          "ref": "T",
        },
      },
    },
    "reference_sequence_records": {
      "protein": "https://www.ncbi.nlm.nih.gov/nuccore/NP_001182539.1",
      "transcript": "https://www.ncbi.nlm.nih.gov/nuccore/NM_001195610.1",
    },
    "refseqgene_context_intronic_sequence": "",
    "rna_variant_descriptions": null,
    "selected_assembly": "hg19",
    "submitted_variant": "6-24302274-T-C",
    "transcript_description": "Homo sapiens doublecortin domain containing 2 (DCDC2), transcript variant 2, mRNA",
    "validation_warnings": [
      "A more recent version of the selected reference sequence NM_001195610.1 is available (NM_001195610.2): NM_001195610.2:c.349-2A>G MUST be fully validated prior to use in reports: select_variants=NM_001195610.2:c.349-2A>G",
    ],
    "variant_exonic_positions": {
      "NC_000006.11": {
        "end_exon": "3i",
        "start_exon": "3i",
      },
      "NC_000006.12": {
        "end_exon": "3i",
        "start_exon": "3i",
      },
    },
  },
  "NM_001195610.2:c.349-2A>G": {
    "alt_genomic_loci": [],
    "annotations": {
      "chromosome": "6",
      "db_xref": {
        "CCDS": "CCDS4550.1",
        "ensemblgene": null,
        "hgnc": "HGNC:18141",
        "ncbigene": "51473",
        "select": false,
      },
      "ensembl_select": false,
      "mane_plus_clinical": false,
      "mane_select": false,
      "map": "6p22.3",
      "note": "doublecortin domain containing 2",
      "refseq_select": false,
      "variant": "2",
    },
    "gene_ids": {
      "ccds_ids": [
        "CCDS4550",
      ],
      "ensembl_gene_id": "ENSG00000146038",
      "entrez_gene_id": "51473",
      "hgnc_id": "HGNC:18141",
      "omim_id": [
        "605755",
      ],
      "ucsc_id": "uc003ndx.4",
    },
    "gene_symbol": "DCDC2",
    "genome_context_intronic_sequence": "NC_000006.11(NM_001195610.2):c.349-2A>G",
    "hgvs_lrg_transcript_variant": "",
    "hgvs_lrg_variant": "",
    "hgvs_predicted_protein_consequence": {
      "lrg_slr": "",
      "lrg_tlr": "",
      "slr": "NP_001182539.1:p.?",
      "tlr": "NP_001182539.1:p.?",
    },
    "hgvs_refseqgene_variant": "",
    "hgvs_transcript_variant": "NM_001195610.2:c.349-2A>G",
    "primary_assembly_loci": {
      "grch37": {
        "hgvs_genomic_description": "NC_000006.11:g.24302274T>C",
        "vcf": {
          "alt": "C",
          "chr": "6",
          "pos": "24302274",
          "ref": "T",
        },
      },
      "grch38": {
        "hgvs_genomic_description": "NC_000006.12:g.24302046T>C",
        "vcf": {
          "alt": "C",
          "chr": "6",
          "pos": "24302046",
          "ref": "T",
        },
      },
      "hg19": {
        "hgvs_genomic_description": "NC_000006.11:g.24302274T>C",
        "vcf": {
          "alt": "C",
          "chr": "chr6",
          "pos": "24302274",
          "ref": "T",
        },
      },
      "hg38": {
        "hgvs_genomic_description": "NC_000006.12:g.24302046T>C",
        "vcf": {
          "alt": "C",
          "chr": "chr6",
          "pos": "24302046",
          "ref": "T",
        },
      },
    },
    "reference_sequence_records": {
      "protein": "https://www.ncbi.nlm.nih.gov/nuccore/NP_001182539.1",
      "transcript": "https://www.ncbi.nlm.nih.gov/nuccore/NM_001195610.2",
    },
    "refseqgene_context_intronic_sequence": "",
    "rna_variant_descriptions": null,
    "selected_assembly": "hg19",
    "submitted_variant": "6-24302274-T-C",
    "transcript_description": "Homo sapiens doublecortin domain containing 2 (DCDC2), transcript variant 2, mRNA",
    "validation_warnings": [],
    "variant_exonic_positions": {
      "NC_000006.11": {
        "end_exon": "3i",
        "start_exon": "3i",
      },
      "NC_000006.12": {
        "end_exon": "3i",
        "start_exon": "3i",
      },
    },
  },
  "NM_016356.4:c.349-2A>G": {
    "alt_genomic_loci": [],
    "annotations": {
      "chromosome": "6",
      "db_xref": {
        "CCDS": "CCDS4550.1",
        "ensemblgene": null,
        "hgnc": "HGNC:18141",
        "ncbigene": "51473",
        "select": false,
      },
      "ensembl_select": false,
      "mane_plus_clinical": false,
      "mane_select": false,
      "map": "6p22.3",
      "note": "doublecortin domain containing 2",
      "refseq_select": false,
      "variant": "1",
    },
    "gene_ids": {
      "ccds_ids": [
        "CCDS4550",
      ],
      "ensembl_gene_id": "ENSG00000146038",
      "entrez_gene_id": "51473",
      "hgnc_id": "HGNC:18141",
      "omim_id": [
        "605755",
      ],
      "ucsc_id": "uc003ndx.4",
    },
    "gene_symbol": "DCDC2",
    "genome_context_intronic_sequence": "NC_000006.11(NM_016356.4):c.349-2A>G",
    "hgvs_lrg_transcript_variant": "",
    "hgvs_lrg_variant": "",
    "hgvs_predicted_protein_consequence": {
      "lrg_slr": "",
      "lrg_tlr": "",
      "slr": "NP_057440.2:p.?",
      "tlr": "NP_057440.2:p.?",
    },
    "hgvs_refseqgene_variant": "NG_012829.1:g.61007A>G",
    "hgvs_transcript_variant": "NM_016356.4:c.349-2A>G",
    "primary_assembly_loci": {
      "grch37": {
        "hgvs_genomic_description": "NC_000006.11:g.24302274T>C",
        "vcf": {
          "alt": "C",
          "chr": "6",
          "pos": "24302274",
          "ref": "T",
        },
      },
      "grch38": {
        "hgvs_genomic_description": "NC_000006.12:g.24302046T>C",
        "vcf": {
          "alt": "C",
          "chr": "6",
          "pos": "24302046",
          "ref": "T",
        },
      },
      "hg19": {
        "hgvs_genomic_description": "NC_000006.11:g.24302274T>C",
        "vcf": {
          "alt": "C",
          "chr": "chr6",
          "pos": "24302274",
          "ref": "T",
        },
      },
      "hg38": {
        "hgvs_genomic_description": "NC_000006.12:g.24302046T>C",
        "vcf": {
          "alt": "C",
          "chr": "chr6",
          "pos": "24302046",
          "ref": "T",
        },
      },
    },
    "reference_sequence_records": {
      "protein": "https://www.ncbi.nlm.nih.gov/nuccore/NP_057440.2",
      "refseqgene": "https://www.ncbi.nlm.nih.gov/nuccore/NG_012829.1",
      "transcript": "https://www.ncbi.nlm.nih.gov/nuccore/NM_016356.4",
    },
    "refseqgene_context_intronic_sequence": "NG_012829.1(NM_016356.4):c.349-2A>G",
    "rna_variant_descriptions": null,
    "selected_assembly": "hg19",
    "submitted_variant": "6-24302274-T-C",
    "transcript_description": "Homo sapiens doublecortin domain containing 2 (DCDC2), transcript variant 1, mRNA",
    "validation_warnings": [
      "A more recent version of the selected reference sequence NM_016356.4 is available (NM_016356.5): NM_016356.5:c.349-2A>G MUST be fully validated prior to use in reports: select_variants=NM_016356.5:c.349-2A>G",
    ],
    "variant_exonic_positions": {
      "NC_000006.11": {
        "end_exon": "2i",
        "start_exon": "2i",
      },
      "NC_000006.12": {
        "end_exon": "2i",
        "start_exon": "2i",
      },
      "NG_012829.1": {
        "end_exon": "2i",
        "start_exon": "2i",
      },
    },
  },
  "NM_016356.5:c.349-2A>G": {
    "alt_genomic_loci": [],
    "annotations": {
      "chromosome": "6",
      "db_xref": {
        "CCDS": "CCDS4550.1",
        "ensemblgene": null,
        "hgnc": "HGNC:18141",
        "ncbigene": "51473",
        "select": "MANE",
      },
      "ensembl_select": false,
      "mane_plus_clinical": false,
      "mane_select": true,
      "map": "6p22.3",
      "note": "doublecortin domain containing 2",
      "refseq_select": true,
      "variant": "1",
    },
    "gene_ids": {
      "ccds_ids": [
        "CCDS4550",
      ],
      "ensembl_gene_id": "ENSG00000146038",
      "entrez_gene_id": "51473",
      "hgnc_id": "HGNC:18141",
      "omim_id": [
        "605755",
      ],
      "ucsc_id": "uc003ndx.4",
    },
    "gene_symbol": "DCDC2",
    "genome_context_intronic_sequence": "NC_000006.11(NM_016356.5):c.349-2A>G",
    "hgvs_lrg_transcript_variant": "",
    "hgvs_lrg_variant": "",
    "hgvs_predicted_protein_consequence": {
      "lrg_slr": "",
      "lrg_tlr": "",
      "slr": "NP_057440.2:p.?",
      "tlr": "NP_057440.2:p.?",
    },
    "hgvs_refseqgene_variant": "NG_012829.2:g.86247A>G",
    "hgvs_transcript_variant": "NM_016356.5:c.349-2A>G",
    "primary_assembly_loci": {
      "grch37": {
        "hgvs_genomic_description": "NC_000006.11:g.24302274T>C",
        "vcf": {
          "alt": "C",
          "chr": "6",
          "pos": "24302274",
          "ref": "T",
        },
      },
      "grch38": {
        "hgvs_genomic_description": "NC_000006.12:g.24302046T>C",
        "vcf": {
          "alt": "C",
          "chr": "6",
          "pos": "24302046",
          "ref": "T",
        },
      },
      "hg19": {
        "hgvs_genomic_description": "NC_000006.11:g.24302274T>C",
        "vcf": {
          "alt": "C",
          "chr": "chr6",
          "pos": "24302274",
          "ref": "T",
        },
      },
      "hg38": {
        "hgvs_genomic_description": "NC_000006.12:g.24302046T>C",
        "vcf": {
          "alt": "C",
          "chr": "chr6",
          "pos": "24302046",
          "ref": "T",
        },
      },
    },
    "reference_sequence_records": {
      "protein": "https://www.ncbi.nlm.nih.gov/nuccore/NP_057440.2",
      "refseqgene": "https://www.ncbi.nlm.nih.gov/nuccore/NG_012829.2",
      "transcript": "https://www.ncbi.nlm.nih.gov/nuccore/NM_016356.5",
    },
    "refseqgene_context_intronic_sequence": "NG_012829.2(NM_016356.5):c.349-2A>G",
    "rna_variant_descriptions": null,
    "selected_assembly": "hg19",
    "submitted_variant": "6-24302274-T-C",
    "transcript_description": "Homo sapiens doublecortin domain containing 2 (DCDC2), transcript variant 1, mRNA",
    "validation_warnings": [],
    "variant_exonic_positions": {
      "NC_000006.11": {
        "end_exon": "2i",
        "start_exon": "2i",
      },
      "NC_000006.12": {
        "end_exon": "2i",
        "start_exon": "2i",
      },
      "NG_012829.2": {
        "end_exon": "2i",
        "start_exon": "2i",
      },
    },
  },
  "flag": "gene_variant",
  "metadata": {
    "variantvalidator_hgvs_version": "2.2.0",
    "variantvalidator_version": "2.2.1.dev492+g032aa70",
    "vvdb_version": "vvdb_2023_8",
    "vvseqrepo_db": "VV_SR_2023_05/master",
    "vvta_version": "vvta_2023_05",
  },
}
`;
