// Vitest Snapshot v1, https://vitest.dev/guide/snapshot.html

exports[`Response.fromJson > handles BRCA1 variant correctly 1`] = `
{
  "entries": [
    {
      "annotations": {
        "chromosome": "6",
        "dbXref": {
          "ccds": "CCDS4550.1",
          "ensemblgene": null,
          "hgnc": "HGNC:18141",
          "ncbigene": "51473",
          "select": false,
        },
        "ensemblSelect": false,
        "manePlusClinicalTranscript": undefined,
        "maneSelect": false,
        "map": "6p22.3",
        "note": "doublecortin domain containing 2",
        "refseqSelect": false,
        "variant": "2",
      },
      "geneIds": {
        "ccdIds": undefined,
        "ensemblGeneId": "ENSG00000146038",
        "entrezGeneId": "51473",
        "hgncId": "HGNC:18141",
        "omimId": [
          "605755",
        ],
        "ucscId": "uc003ndx.4",
      },
      "geneSymbol": "DCDC2",
      "genomeContextIntronicSequence": "NC_000006.11(NM_001195610.1):c.349-2A>G",
      "hgvsLrgTranscriptVariant": "",
      "hgvsLrgVariant": "",
      "hgvsPredictedProteinConsequence": {
        "lrgSlr": "",
        "lrgTlr": "",
        "slr": "NP_001182539.1:p.?",
        "tlr": "NP_001182539.1:p.?",
      },
      "hgvsRefseqgeneVariant": "",
      "hgvsTranscriptVariant": "NM_001195610.1:c.349-2A>G",
      "primaryAssemblyLoci": {
        "grch37": {
          "hgvsGenomicDescription": "NC_000006.11:g.24302274T>C",
          "vcf": {
            "alt": "C",
            "chr": "6",
            "pos": "24302274",
            "ref": "T",
          },
        },
        "grch38": {
          "hgvsGenomicDescription": "NC_000006.12:g.24302046T>C",
          "vcf": {
            "alt": "C",
            "chr": "6",
            "pos": "24302046",
            "ref": "T",
          },
        },
        "hg19": {
          "hgvsGenomicDescription": "NC_000006.11:g.24302274T>C",
          "vcf": {
            "alt": "C",
            "chr": "chr6",
            "pos": "24302274",
            "ref": "T",
          },
        },
        "hg38": {
          "hgvsGenomicDescription": "NC_000006.12:g.24302046T>C",
          "vcf": {
            "alt": "C",
            "chr": "chr6",
            "pos": "24302046",
            "ref": "T",
          },
        },
      },
      "referenceSequenceRecords": {
        "protein": "https://www.ncbi.nlm.nih.gov/nuccore/NP_001182539.1",
        "refseqgene": undefined,
        "transcript": "https://www.ncbi.nlm.nih.gov/nuccore/NM_001195610.1",
      },
      "refseqgeneContextIntronicSequence": "",
      "rnaVariantDescriptions": null,
      "selectedAssembly": "hg19",
      "submittedVariant": "6-24302274-T-C",
      "transcriptVariant": undefined,
      "validationWarnings": [
        "A more recent version of the selected reference sequence NM_001195610.1 is available (NM_001195610.2): NM_001195610.2:c.349-2A>G MUST be fully validated prior to use in reports: select_variants=NM_001195610.2:c.349-2A>G",
      ],
      "variantExonicPositions": {
        "NC_000006.11": {
          "endExon": "3i",
          "startExon": "3i",
        },
        "NC_000006.12": {
          "endExon": "3i",
          "startExon": "3i",
        },
      },
    },
    {
      "annotations": {
        "chromosome": "6",
        "dbXref": {
          "ccds": "CCDS4550.1",
          "ensemblgene": null,
          "hgnc": "HGNC:18141",
          "ncbigene": "51473",
          "select": false,
        },
        "ensemblSelect": false,
        "manePlusClinicalTranscript": undefined,
        "maneSelect": false,
        "map": "6p22.3",
        "note": "doublecortin domain containing 2",
        "refseqSelect": false,
        "variant": "2",
      },
      "geneIds": {
        "ccdIds": undefined,
        "ensemblGeneId": "ENSG00000146038",
        "entrezGeneId": "51473",
        "hgncId": "HGNC:18141",
        "omimId": [
          "605755",
        ],
        "ucscId": "uc003ndx.4",
      },
      "geneSymbol": "DCDC2",
      "genomeContextIntronicSequence": "NC_000006.11(NM_001195610.2):c.349-2A>G",
      "hgvsLrgTranscriptVariant": "",
      "hgvsLrgVariant": "",
      "hgvsPredictedProteinConsequence": {
        "lrgSlr": "",
        "lrgTlr": "",
        "slr": "NP_001182539.1:p.?",
        "tlr": "NP_001182539.1:p.?",
      },
      "hgvsRefseqgeneVariant": "",
      "hgvsTranscriptVariant": "NM_001195610.2:c.349-2A>G",
      "primaryAssemblyLoci": {
        "grch37": {
          "hgvsGenomicDescription": "NC_000006.11:g.24302274T>C",
          "vcf": {
            "alt": "C",
            "chr": "6",
            "pos": "24302274",
            "ref": "T",
          },
        },
        "grch38": {
          "hgvsGenomicDescription": "NC_000006.12:g.24302046T>C",
          "vcf": {
            "alt": "C",
            "chr": "6",
            "pos": "24302046",
            "ref": "T",
          },
        },
        "hg19": {
          "hgvsGenomicDescription": "NC_000006.11:g.24302274T>C",
          "vcf": {
            "alt": "C",
            "chr": "chr6",
            "pos": "24302274",
            "ref": "T",
          },
        },
        "hg38": {
          "hgvsGenomicDescription": "NC_000006.12:g.24302046T>C",
          "vcf": {
            "alt": "C",
            "chr": "chr6",
            "pos": "24302046",
            "ref": "T",
          },
        },
      },
      "referenceSequenceRecords": {
        "protein": "https://www.ncbi.nlm.nih.gov/nuccore/NP_001182539.1",
        "refseqgene": undefined,
        "transcript": "https://www.ncbi.nlm.nih.gov/nuccore/NM_001195610.2",
      },
      "refseqgeneContextIntronicSequence": "",
      "rnaVariantDescriptions": null,
      "selectedAssembly": "hg19",
      "submittedVariant": "6-24302274-T-C",
      "transcriptVariant": undefined,
      "validationWarnings": [],
      "variantExonicPositions": {
        "NC_000006.11": {
          "endExon": "3i",
          "startExon": "3i",
        },
        "NC_000006.12": {
          "endExon": "3i",
          "startExon": "3i",
        },
      },
    },
    {
      "annotations": {
        "chromosome": "6",
        "dbXref": {
          "ccds": "CCDS4550.1",
          "ensemblgene": null,
          "hgnc": "HGNC:18141",
          "ncbigene": "51473",
          "select": false,
        },
        "ensemblSelect": false,
        "manePlusClinicalTranscript": undefined,
        "maneSelect": false,
        "map": "6p22.3",
        "note": "doublecortin domain containing 2",
        "refseqSelect": false,
        "variant": "1",
      },
      "geneIds": {
        "ccdIds": undefined,
        "ensemblGeneId": "ENSG00000146038",
        "entrezGeneId": "51473",
        "hgncId": "HGNC:18141",
        "omimId": [
          "605755",
        ],
        "ucscId": "uc003ndx.4",
      },
      "geneSymbol": "DCDC2",
      "genomeContextIntronicSequence": "NC_000006.11(NM_016356.4):c.349-2A>G",
      "hgvsLrgTranscriptVariant": "",
      "hgvsLrgVariant": "",
      "hgvsPredictedProteinConsequence": {
        "lrgSlr": "",
        "lrgTlr": "",
        "slr": "NP_057440.2:p.?",
        "tlr": "NP_057440.2:p.?",
      },
      "hgvsRefseqgeneVariant": "NG_012829.1:g.61007A>G",
      "hgvsTranscriptVariant": "NM_016356.4:c.349-2A>G",
      "primaryAssemblyLoci": {
        "grch37": {
          "hgvsGenomicDescription": "NC_000006.11:g.24302274T>C",
          "vcf": {
            "alt": "C",
            "chr": "6",
            "pos": "24302274",
            "ref": "T",
          },
        },
        "grch38": {
          "hgvsGenomicDescription": "NC_000006.12:g.24302046T>C",
          "vcf": {
            "alt": "C",
            "chr": "6",
            "pos": "24302046",
            "ref": "T",
          },
        },
        "hg19": {
          "hgvsGenomicDescription": "NC_000006.11:g.24302274T>C",
          "vcf": {
            "alt": "C",
            "chr": "chr6",
            "pos": "24302274",
            "ref": "T",
          },
        },
        "hg38": {
          "hgvsGenomicDescription": "NC_000006.12:g.24302046T>C",
          "vcf": {
            "alt": "C",
            "chr": "chr6",
            "pos": "24302046",
            "ref": "T",
          },
        },
      },
      "referenceSequenceRecords": {
        "protein": "https://www.ncbi.nlm.nih.gov/nuccore/NP_057440.2",
        "refseqgene": "https://www.ncbi.nlm.nih.gov/nuccore/NG_012829.1",
        "transcript": "https://www.ncbi.nlm.nih.gov/nuccore/NM_016356.4",
      },
      "refseqgeneContextIntronicSequence": "NG_012829.1(NM_016356.4):c.349-2A>G",
      "rnaVariantDescriptions": null,
      "selectedAssembly": "hg19",
      "submittedVariant": "6-24302274-T-C",
      "transcriptVariant": undefined,
      "validationWarnings": [
        "A more recent version of the selected reference sequence NM_016356.4 is available (NM_016356.5): NM_016356.5:c.349-2A>G MUST be fully validated prior to use in reports: select_variants=NM_016356.5:c.349-2A>G",
      ],
      "variantExonicPositions": {
        "NC_000006.11": {
          "endExon": "2i",
          "startExon": "2i",
        },
        "NC_000006.12": {
          "endExon": "2i",
          "startExon": "2i",
        },
        "NG_012829.1": {
          "endExon": "2i",
          "startExon": "2i",
        },
      },
    },
    {
      "annotations": {
        "chromosome": "6",
        "dbXref": {
          "ccds": "CCDS4550.1",
          "ensemblgene": null,
          "hgnc": "HGNC:18141",
          "ncbigene": "51473",
          "select": "MANE",
        },
        "ensemblSelect": false,
        "manePlusClinicalTranscript": undefined,
        "maneSelect": true,
        "map": "6p22.3",
        "note": "doublecortin domain containing 2",
        "refseqSelect": true,
        "variant": "1",
      },
      "geneIds": {
        "ccdIds": undefined,
        "ensemblGeneId": "ENSG00000146038",
        "entrezGeneId": "51473",
        "hgncId": "HGNC:18141",
        "omimId": [
          "605755",
        ],
        "ucscId": "uc003ndx.4",
      },
      "geneSymbol": "DCDC2",
      "genomeContextIntronicSequence": "NC_000006.11(NM_016356.5):c.349-2A>G",
      "hgvsLrgTranscriptVariant": "",
      "hgvsLrgVariant": "",
      "hgvsPredictedProteinConsequence": {
        "lrgSlr": "",
        "lrgTlr": "",
        "slr": "NP_057440.2:p.?",
        "tlr": "NP_057440.2:p.?",
      },
      "hgvsRefseqgeneVariant": "NG_012829.2:g.86247A>G",
      "hgvsTranscriptVariant": "NM_016356.5:c.349-2A>G",
      "primaryAssemblyLoci": {
        "grch37": {
          "hgvsGenomicDescription": "NC_000006.11:g.24302274T>C",
          "vcf": {
            "alt": "C",
            "chr": "6",
            "pos": "24302274",
            "ref": "T",
          },
        },
        "grch38": {
          "hgvsGenomicDescription": "NC_000006.12:g.24302046T>C",
          "vcf": {
            "alt": "C",
            "chr": "6",
            "pos": "24302046",
            "ref": "T",
          },
        },
        "hg19": {
          "hgvsGenomicDescription": "NC_000006.11:g.24302274T>C",
          "vcf": {
            "alt": "C",
            "chr": "chr6",
            "pos": "24302274",
            "ref": "T",
          },
        },
        "hg38": {
          "hgvsGenomicDescription": "NC_000006.12:g.24302046T>C",
          "vcf": {
            "alt": "C",
            "chr": "chr6",
            "pos": "24302046",
            "ref": "T",
          },
        },
      },
      "referenceSequenceRecords": {
        "protein": "https://www.ncbi.nlm.nih.gov/nuccore/NP_057440.2",
        "refseqgene": "https://www.ncbi.nlm.nih.gov/nuccore/NG_012829.2",
        "transcript": "https://www.ncbi.nlm.nih.gov/nuccore/NM_016356.5",
      },
      "refseqgeneContextIntronicSequence": "NG_012829.2(NM_016356.5):c.349-2A>G",
      "rnaVariantDescriptions": null,
      "selectedAssembly": "hg19",
      "submittedVariant": "6-24302274-T-C",
      "transcriptVariant": undefined,
      "validationWarnings": [],
      "variantExonicPositions": {
        "NC_000006.11": {
          "endExon": "2i",
          "startExon": "2i",
        },
        "NC_000006.12": {
          "endExon": "2i",
          "startExon": "2i",
        },
        "NG_012829.2": {
          "endExon": "2i",
          "startExon": "2i",
        },
      },
    },
  ],
  "flag": "gene_variant",
  "metadata": {
    "variantvalidatorHgvsVersion": "2.2.0",
    "variantvalidatorVersion": "2.2.1.dev492+g032aa70",
    "vvdbVersion": "vvdb_2023_8",
    "vvseqrepoDb": "VV_SR_2023_05/master",
    "vvtaVersion": "vvta_2023_05",
  },
}
`;

exports[`Response.fromJson > handles telomeric variant correctly 1`] = `
{
  "entries": [
    {
      "annotations": {
        "chromosome": undefined,
        "dbXref": undefined,
        "ensemblSelect": undefined,
        "manePlusClinicalTranscript": undefined,
        "maneSelect": undefined,
        "map": undefined,
        "note": undefined,
        "refseqSelect": undefined,
        "variant": undefined,
      },
      "geneIds": {
        "ccdIds": undefined,
        "ensemblGeneId": undefined,
        "entrezGeneId": undefined,
        "hgncId": undefined,
        "omimId": undefined,
        "ucscId": undefined,
      },
      "geneSymbol": "",
      "genomeContextIntronicSequence": "",
      "hgvsLrgTranscriptVariant": "",
      "hgvsLrgVariant": "",
      "hgvsPredictedProteinConsequence": {
        "lrgSlr": "",
        "lrgTlr": "",
        "slr": "",
        "tlr": "",
      },
      "hgvsRefseqgeneVariant": "",
      "hgvsTranscriptVariant": "",
      "primaryAssemblyLoci": {
        "grch37": {
          "hgvsGenomicDescription": "NC_000006.11:g.100000G>C",
          "vcf": {
            "alt": "C",
            "chr": "6",
            "pos": "100000",
            "ref": "G",
          },
        },
        "grch38": {
          "hgvsGenomicDescription": "NC_000006.12:g.100000G>C",
          "vcf": {
            "alt": "C",
            "chr": "6",
            "pos": "100000",
            "ref": "G",
          },
        },
        "hg19": {
          "hgvsGenomicDescription": "NC_000006.11:g.100000G>C",
          "vcf": {
            "alt": "C",
            "chr": "chr6",
            "pos": "100000",
            "ref": "G",
          },
        },
        "hg38": {
          "hgvsGenomicDescription": "NC_000006.12:g.100000G>C",
          "vcf": {
            "alt": "C",
            "chr": "chr6",
            "pos": "100000",
            "ref": "G",
          },
        },
      },
      "referenceSequenceRecords": "",
      "refseqgeneContextIntronicSequence": "",
      "rnaVariantDescriptions": null,
      "selectedAssembly": "hg19",
      "submittedVariant": "6-100000-G-C",
      "transcriptVariant": undefined,
      "validationWarnings": [
        "No transcripts found that fully overlap the described variation in the genomic sequence",
      ],
      "variantExonicPositions": {},
    },
  ],
  "flag": "intergenic",
  "metadata": {
    "variantvalidatorHgvsVersion": "2.2.0",
    "variantvalidatorVersion": "2.2.1.dev492+g032aa70",
    "vvdbVersion": "vvdb_2023_8",
    "vvseqrepoDb": "VV_SR_2023_05/master",
    "vvtaVersion": "vvta_2023_05",
  },
}
`;
