// Vitest Snapshot v1, https://vitest.dev/guide/snapshot.html

exports[`MehariClient/strucvar > fails to fetch variant info with wrong variant 1`] = `"{"version":{"txDb":"0.5.0","mehari":"0.8.0"},"query":{"genomeRelease":"grch37","chromosome":"chr17"},"result":[{"hgncId":"HGNC:16919","transcriptEffects":["upstream_variant"]},{"hgncId":"HGNC:1100","transcriptEffects":["transcript_variant","exon_variant","splice_region_variant","intron_variant","upstream_variant","downstream_variant"]},{"hgncId":"HGNC:18315","transcriptEffects":["transcript_variant","exon_variant","splice_region_variant","intron_variant","upstream_variant","downstream_variant"]},{"hgncId":"HGNC:20691","transcriptEffects":["upstream_variant"]}]}"`;
